{"nodes_city_center_iso#COL": 21559, "nodes_city_center_postal_code": 67989, "nodes_city_center_iso#CHL": 2671, "nodes_city_center_iso#BRA": 26962, "nodes_city_center_place#neighbourhood": 15924, "nodes_city_center_place#hamlet": 24206, "nodes_city_center_link_count": 35255, "nodes_city_center_place#city": 42350, "nodes_city_center_capital_order8#yes": 269, "nodes_city_center_iso#VEN": 9948, "nodes_city_center_iso#PER": 7176, "nodes_city_center_type": 82480, "nodes_city_center_street_name": 69541, "nodes_city_center_cat_id": 82480, "nodes_city_center_iso#URY": 650, "nodes_city_center_capital#yes": 8, "nodes_city_center_population": 12612, "nodes_city_center_capital_order2#yes": 269, "nodes_city_center_iso#PRY": 5686, "nodes_city_center_capital_order1#yes": 138, "nodes_city_center_iso#ARG": 7828}